#
# There is insufficient memory for the Java Runtime Environment to continue.
# Native memory allocation (malloc) failed to allocate 196608 bytes. Error detail: Chunk::new
# Possible reasons:
#   The system is out of physical RAM or swap space
#   This process is running with CompressedOops enabled, and the Java Heap may be blocking the growth of the native heap
# Possible solutions:
#   Reduce memory load on the system
#   Increase physical memory or swap space
#   Check if swap backing store is full
#   Decrease Java heap size (-Xmx/-Xms)
#   Decrease number of Java threads
#   Decrease Java thread stack sizes (-Xss)
#   Set larger code cache with -XX:ReservedCodeCacheSize=
#   JVM is running with Unscaled Compressed Oops mode in which the Java heap is
#     placed in the first 4GB address space. The Java Heap base address is the
#     maximum limit for the native heap growth. Please use -XX:HeapBaseMinAddress
#     to set the Java Heap base and to place the Java Heap above 4GB virtual address.
# This output file may be truncated or incomplete.
#
#  Out of Memory Error (arena.cpp:168), pid=24748, tid=23124
#
# JRE version: OpenJDK Runtime Environment Temurin-21.0.10+7 (21.0.10+7) (build 21.0.10+7-LTS)
# Java VM: OpenJDK 64-Bit Server VM Temurin-21.0.10+7 (21.0.10+7-LTS, mixed mode, sharing, tiered, compressed oops, compressed class ptrs, g1 gc, windows-amd64)
# No core dump will be written. Minidumps are not enabled by default on client versions of Windows
#

---------------  S U M M A R Y ------------

Command Line: -Dfile.encoding=UTF-8 -Dstdout.encoding=UTF-8 -Dstderr.encoding=UTF-8 -XX:+ShowCodeDetailsInExceptionMessages com.justbinary.JustbinaryApplication

Host: Intel(R) Pentium(R) Silver N5000 CPU @ 1.10GHz, 4 cores, 3G,  Windows 10 , 64 bit Build 19041 (10.0.19041.5915)
Time: Mon May 18 19:32:03 2026 Pacific Daylight Time elapsed time: 2302.989722 seconds (0d 0h 38m 22s)

---------------  T H R E A D  ---------------

Current thread (0x000001891a85c640):  JavaThread "C2 CompilerThread0" daemon [_thread_in_native, id=23124, stack(0x000000230eb00000,0x000000230ec00000) (1024K)]


Current CompileTask:
C2:2302989 9632       4       java.lang.String::split (242 bytes)

Stack: [0x000000230eb00000,0x000000230ec00000]
Native frames: (J=compiled Java code, j=interpreted, Vv=VM code, C=native code)
V  [jvm.dll+0x6d7a39]
V  [jvm.dll+0x8b4b26]
V  [jvm.dll+0x8b70de]
V  [jvm.dll+0x8b77c3]
V  [jvm.dll+0x284346]
V  [jvm.dll+0xc66ed]
V  [jvm.dll+0xc6c31]
V  [jvm.dll+0x3bec3b]
V  [jvm.dll+0x38b162]
V  [jvm.dll+0x38a5aa]
V  [jvm.dll+0x24c560]
V  [jvm.dll+0x24bb40]
V  [jvm.dll+0x1cb34e]
V  [jvm.dll+0x25b85d]
V  [jvm.dll+0x259dea]
V  [jvm.dll+0x3f857e]
V  [jvm.dll+0x85f59d]
V  [jvm.dll+0x6d626d]
C  [ucrtbase.dll+0x21bb2]
C  [KERNEL32.DLL+0x17374]
C  [ntdll.dll+0x4cc91]


---------------  P R O C E S S  ---------------

Threads class SMR info:
_java_thread_list=0x0000018962c42930, length=37, elements={
0x000001891a8500c0, 0x000001891a8514c0, 0x000001891a856970, 0x000001891a8573d0,
0x000001891a859e40, 0x000001891a85a8a0, 0x000001891a85c640, 0x000001891a8cd360,
0x000001891a9a7100, 0x000001891a9b3540, 0x0000018961e1bd10, 0x0000018961e2ee20,
0x0000018960e65d70, 0x00000189627cb220, 0x0000018962081c40, 0x000001896088aa60,
0x000001896088b0f0, 0x000001896088c4a0, 0x000001896088cb30, 0x000001896088be10,
0x000001896088a3d0, 0x000001896088d1c0, 0x000001896088d850, 0x000001891a9eb480,
0x000001891a9ed550, 0x000001891a9ee270, 0x000001891a9ec830, 0x000001891a9ee900,
0x000001891a9ebb10, 0x000001891a9ec1a0, 0x000001891a9ecec0, 0x000001891a9edbe0,
0x0000018961d5dbf0, 0x0000018961d5efa0, 0x0000018961d609e0, 0x0000018961d5f630,
0x0000018961d5fcc0
}

Java Threads: ( => current thread )
  0x000001891a8500c0 JavaThread "Reference Handler"          daemon [_thread_blocked, id=20924, stack(0x000000230e500000,0x000000230e600000) (1024K)]
  0x000001891a8514c0 JavaThread "Finalizer"                  daemon [_thread_blocked, id=15184, stack(0x000000230e600000,0x000000230e700000) (1024K)]
  0x000001891a856970 JavaThread "Signal Dispatcher"          daemon [_thread_blocked, id=23668, stack(0x000000230e700000,0x000000230e800000) (1024K)]
  0x000001891a8573d0 JavaThread "Attach Listener"            daemon [_thread_blocked, id=11528, stack(0x000000230e800000,0x000000230e900000) (1024K)]
  0x000001891a859e40 JavaThread "Service Thread"             daemon [_thread_blocked, id=15792, stack(0x000000230e900000,0x000000230ea00000) (1024K)]
  0x000001891a85a8a0 JavaThread "Monitor Deflation Thread"   daemon [_thread_blocked, id=24716, stack(0x000000230ea00000,0x000000230eb00000) (1024K)]
=>0x000001891a85c640 JavaThread "C2 CompilerThread0"         daemon [_thread_in_native, id=23124, stack(0x000000230eb00000,0x000000230ec00000) (1024K)]
  0x000001891a8cd360 JavaThread "C1 CompilerThread0"         daemon [_thread_blocked, id=24704, stack(0x000000230ec00000,0x000000230ed00000) (1024K)]
  0x000001891a9a7100 JavaThread "Notification Thread"        daemon [_thread_blocked, id=18032, stack(0x000000230ed00000,0x000000230ee00000) (1024K)]
  0x000001891a9b3540 JavaThread "Common-Cleaner"             daemon [_thread_blocked, id=25212, stack(0x000000230ee00000,0x000000230ef00000) (1024K)]
  0x0000018961e1bd10 JavaThread "Jndi-Dns-address-change-listener" daemon [_thread_in_native, id=14968, stack(0x000000230f200000,0x000000230f300000) (1024K)]
  0x0000018961e2ee20 JavaThread "BufferPoolPruner-1-thread-1" daemon [_thread_blocked, id=21536, stack(0x000000230f500000,0x000000230f600000) (1024K)]
  0x0000018960e65d70 JavaThread "cluster-ClusterId{value='6a0bc2ba6c1964183f478e1d', description='null'}-ac-ufjbbtu-shard-00-01.nkscyto.mongodb.net:27017" daemon [_thread_in_native, id=11628, stack(0x000000230f700000,0x000000230f800000) (1024K)]
  0x00000189627cb220 JavaThread "cluster-rtt-ClusterId{value='6a0bc2ba6c1964183f478e1d', description='null'}-ac-ufjbbtu-shard-00-01.nkscyto.mongodb.net:27017" daemon [_thread_blocked, id=15088, stack(0x000000230f800000,0x000000230f900000) (1024K)]
  0x0000018962081c40 JavaThread "cluster-ClusterId{value='6a0bc2ba6c1964183f478e1d', description='null'}-ac-ufjbbtu-shard-00-02.nkscyto.mongodb.net:27017" daemon [_thread_in_native, id=19900, stack(0x000000230f900000,0x000000230fa00000) (1024K)]
  0x000001896088aa60 JavaThread "cluster-rtt-ClusterId{value='6a0bc2ba6c1964183f478e1d', description='null'}-ac-ufjbbtu-shard-00-02.nkscyto.mongodb.net:27017" daemon [_thread_blocked, id=5848, stack(0x000000230fa00000,0x000000230fb00000) (1024K)]
  0x000001896088b0f0 JavaThread "cluster-ClusterId{value='6a0bc2ba6c1964183f478e1d', description='null'}-ac-ufjbbtu-shard-00-00.nkscyto.mongodb.net:27017" daemon [_thread_in_native, id=21592, stack(0x000000230fb00000,0x000000230fc00000) (1024K)]
  0x000001896088c4a0 JavaThread "cluster-rtt-ClusterId{value='6a0bc2ba6c1964183f478e1d', description='null'}-ac-ufjbbtu-shard-00-00.nkscyto.mongodb.net:27017" daemon [_thread_blocked, id=25072, stack(0x000000230fc00000,0x000000230fd00000) (1024K)]
  0x000001896088cb30 JavaThread "Catalina-utility-1"                [_thread_blocked, id=21984, stack(0x000000230fe00000,0x000000230ff00000) (1024K)]
  0x000001896088be10 JavaThread "Catalina-utility-2"                [_thread_blocked, id=23696, stack(0x000000230ff00000,0x0000002310000000) (1024K)]
  0x000001896088a3d0 JavaThread "container-0"                       [_thread_blocked, id=9456, stack(0x0000002310000000,0x0000002310100000) (1024K)]
  0x000001896088d1c0 JavaThread "MaintenanceTimer-4-thread-1" daemon [_thread_blocked, id=19672, stack(0x0000002310100000,0x0000002310200000) (1024K)]
  0x000001896088d850 JavaThread "MaintenanceTimer-2-thread-1" daemon [_thread_blocked, id=2560, stack(0x0000002310200000,0x0000002310300000) (1024K)]
  0x000001891a9eb480 JavaThread "MaintenanceTimer-3-thread-1" daemon [_thread_blocked, id=19072, stack(0x0000002310300000,0x0000002310400000) (1024K)]
  0x000001891a9ed550 JavaThread "http-nio-8080-exec-1"       daemon [_thread_blocked, id=23964, stack(0x0000002310400000,0x0000002310500000) (1024K)]
  0x000001891a9ee270 JavaThread "http-nio-8080-exec-2"       daemon [_thread_blocked, id=19308, stack(0x0000002310500000,0x0000002310600000) (1024K)]
  0x000001891a9ec830 JavaThread "http-nio-8080-exec-3"       daemon [_thread_blocked, id=2808, stack(0x0000002310600000,0x0000002310700000) (1024K)]
  0x000001891a9ee900 JavaThread "http-nio-8080-exec-4"       daemon [_thread_blocked, id=24544, stack(0x0000002310700000,0x0000002310800000) (1024K)]
  0x000001891a9ebb10 JavaThread "http-nio-8080-exec-5"       daemon [_thread_blocked, id=23608, stack(0x0000002310800000,0x0000002310900000) (1024K)]
  0x000001891a9ec1a0 JavaThread "http-nio-8080-exec-6"       daemon [_thread_blocked, id=23776, stack(0x0000002310900000,0x0000002310a00000) (1024K)]
  0x000001891a9ecec0 JavaThread "http-nio-8080-exec-7"       daemon [_thread_blocked, id=20524, stack(0x0000002310a00000,0x0000002310b00000) (1024K)]
  0x000001891a9edbe0 JavaThread "http-nio-8080-exec-8"       daemon [_thread_blocked, id=13884, stack(0x0000002310b00000,0x0000002310c00000) (1024K)]
  0x0000018961d5dbf0 JavaThread "http-nio-8080-exec-9"       daemon [_thread_blocked, id=18044, stack(0x0000002310c00000,0x0000002310d00000) (1024K)]
  0x0000018961d5efa0 JavaThread "http-nio-8080-exec-10"      daemon [_thread_blocked, id=21036, stack(0x0000002310d00000,0x0000002310e00000) (1024K)]
  0x0000018961d609e0 JavaThread "http-nio-8080-Poller"       daemon [_thread_in_native, id=14956, stack(0x0000002310e00000,0x0000002310f00000) (1024K)]
  0x0000018961d5f630 JavaThread "http-nio-8080-Acceptor"     daemon [_thread_in_native, id=12664, stack(0x0000002310f00000,0x0000002311000000) (1024K)]
  0x0000018961d5fcc0 JavaThread "DestroyJavaVM"                     [_thread_blocked, id=10548, stack(0x000000230dd00000,0x000000230de00000) (1024K)]
Total: 37

Other Threads:
  0x00000189047c52b0 VMThread "VM Thread"                           [id=19148, stack(0x000000230e400000,0x000000230e500000) (1024K)]
  0x00000189047b69e0 WatcherThread "VM Periodic Task Thread"        [id=18312, stack(0x000000230e300000,0x000000230e400000) (1024K)]
  0x0000018904741780 WorkerThread "GC Thread#0"                     [id=24992, stack(0x000000230de00000,0x000000230df00000) (1024K)]
  0x00000189602f1450 WorkerThread "GC Thread#1"                     [id=20040, stack(0x000000230ef00000,0x000000230f000000) (1024K)]
  0x000001896055a060 WorkerThread "GC Thread#2"                     [id=19904, stack(0x000000230f000000,0x000000230f100000) (1024K)]
  0x00000189603ef760 WorkerThread "GC Thread#3"                     [id=8836, stack(0x000000230f100000,0x000000230f200000) (1024K)]
  0x000001890474ab40 ConcurrentGCThread "G1 Main Marker"            [id=13044, stack(0x000000230df00000,0x000000230e000000) (1024K)]
  0x000001890474b650 WorkerThread "G1 Conc#0"                       [id=6892, stack(0x000000230e000000,0x000000230e100000) (1024K)]
  0x00000189047a5ad0 ConcurrentGCThread "G1 Refine#0"               [id=3612, stack(0x000000230e100000,0x000000230e200000) (1024K)]
  0x00000189047a8510 ConcurrentGCThread "G1 Service"                [id=19376, stack(0x000000230e200000,0x000000230e300000) (1024K)]
Total: 10

Threads with active compile tasks:
C2 CompilerThread0  2303095 9632       4       java.lang.String::split (242 bytes)
Total: 1

VM state: not at safepoint (normal execution)

VM Mutex/Monitor currently owned by a thread: None

Heap address: 0x00000000c2c00000, size: 980 MB, Compressed Oops mode: 32-bit

CDS archive(s) mapped at: [0x000001891b000000-0x000001891bc80000-0x000001891bc80000), size 13107200, SharedBaseAddress: 0x000001891b000000, ArchiveRelocationMode: 1.
Compressed class space mapped at: 0x000001891c000000-0x000001895c000000, reserved size: 1073741824
Narrow klass base: 0x000001891b000000, Narrow klass shift: 0, Narrow klass range: 0x100000000

GC Precious Log:
 CardTable entry size: 512
 Card Set container configuration: InlinePtr #cards 5 size 8 Array Of Cards #cards 12 size 40 Howl #buckets 4 coarsen threshold 1843 Howl Bitmap #cards 512 size 80 coarsen threshold 460 Card regions per heap region 1 cards per card region 2048
 CPUs: 4 total, 4 available
 Memory: 3919M
 Large Page Support: Disabled
 NUMA Support: Disabled
 Compressed Oops: Enabled (32-bit)
 Heap Region Size: 1M
 Heap Min Capacity: 8M
 Heap Initial Capacity: 62M
 Heap Max Capacity: 980M
 Pre-touch: Disabled
 Parallel Workers: 4
 Concurrent Workers: 1
 Concurrent Refinement Workers: 4
 Periodic GC: Disabled

Heap:
 garbage-first heap   total 60416K, used 53973K [0x00000000c2c00000, 0x0000000100000000)
  region size 1024K, 28 young (28672K), 2 survivors (2048K)
 Metaspace       used 58880K, committed 59584K, reserved 1114112K
  class space    used 7601K, committed 7936K, reserved 1048576K

Heap Regions: E=young(eden), S=young(survivor), O=old, HS=humongous(starts), HC=humongous(continues), CS=collection set, F=free, TAMS=top-at-mark-start, PB=parsable bottom
|   0|0x00000000c2c00000, 0x00000000c2d00000, 0x00000000c2d00000|100%| O|  |TAMS 0x00000000c2c00000| PB 0x00000000c2c00000| Untracked 
|   1|0x00000000c2d00000, 0x00000000c2e00000, 0x00000000c2e00000|100%| O|  |TAMS 0x00000000c2d00000| PB 0x00000000c2d00000| Untracked 
|   2|0x00000000c2e00000, 0x00000000c2f00000, 0x00000000c2f00000|100%| O|  |TAMS 0x00000000c2e00000| PB 0x00000000c2e00000| Untracked 
|   3|0x00000000c2f00000, 0x00000000c3000000, 0x00000000c3000000|100%| O|  |TAMS 0x00000000c2f00000| PB 0x00000000c2f00000| Untracked 
|   4|0x00000000c3000000, 0x00000000c3100000, 0x00000000c3100000|100%| O|  |TAMS 0x00000000c3000000| PB 0x00000000c3000000| Untracked 
|   5|0x00000000c3100000, 0x00000000c3200000, 0x00000000c3200000|100%| O|  |TAMS 0x00000000c3100000| PB 0x00000000c3100000| Untracked 
|   6|0x00000000c3200000, 0x00000000c3300000, 0x00000000c3300000|100%| O|  |TAMS 0x00000000c3200000| PB 0x00000000c3200000| Untracked 
|   7|0x00000000c3300000, 0x00000000c3400000, 0x00000000c3400000|100%| O|  |TAMS 0x00000000c3300000| PB 0x00000000c3300000| Untracked 
|   8|0x00000000c3400000, 0x00000000c3500000, 0x00000000c3500000|100%| O|  |TAMS 0x00000000c3400000| PB 0x00000000c3400000| Untracked 
|   9|0x00000000c3500000, 0x00000000c3600000, 0x00000000c3600000|100%| O|  |TAMS 0x00000000c3500000| PB 0x00000000c3500000| Untracked 
|  10|0x00000000c3600000, 0x00000000c3700000, 0x00000000c3700000|100%| O|  |TAMS 0x00000000c3600000| PB 0x00000000c3600000| Untracked 
|  11|0x00000000c3700000, 0x00000000c3800000, 0x00000000c3800000|100%| O|  |TAMS 0x00000000c3700000| PB 0x00000000c3700000| Untracked 
|  12|0x00000000c3800000, 0x00000000c3900000, 0x00000000c3900000|100%| O|  |TAMS 0x00000000c3800000| PB 0x00000000c3800000| Untracked 
|  13|0x00000000c3900000, 0x00000000c3a00000, 0x00000000c3a00000|100%| O|  |TAMS 0x00000000c3900000| PB 0x00000000c3900000| Untracked 
|  14|0x00000000c3a00000, 0x00000000c3b00000, 0x00000000c3b00000|100%| O|  |TAMS 0x00000000c3a00000| PB 0x00000000c3a00000| Untracked 
|  15|0x00000000c3b00000, 0x00000000c3c00000, 0x00000000c3c00000|100%| O|Cm|TAMS 0x00000000c3b00000| PB 0x00000000c3b00000| Complete 
|  16|0x00000000c3c00000, 0x00000000c3c00000, 0x00000000c3d00000|  0%| F|  |TAMS 0x00000000c3c00000| PB 0x00000000c3c00000| Untracked 
|  17|0x00000000c3d00000, 0x00000000c3e00000, 0x00000000c3e00000|100%| O|Cm|TAMS 0x00000000c3d00000| PB 0x00000000c3d00000| Complete 
|  18|0x00000000c3e00000, 0x00000000c3f00000, 0x00000000c3f00000|100%| O|  |TAMS 0x00000000c3e00000| PB 0x00000000c3e00000| Untracked 
|  19|0x00000000c3f00000, 0x00000000c4000000, 0x00000000c4000000|100%| O|  |TAMS 0x00000000c3f00000| PB 0x00000000c3f00000| Untracked 
|  20|0x00000000c4000000, 0x00000000c4100000, 0x00000000c4100000|100%| O|  |TAMS 0x00000000c4000000| PB 0x00000000c4000000| Untracked 
|  21|0x00000000c4100000, 0x00000000c4200000, 0x00000000c4200000|100%| O|  |TAMS 0x00000000c4100000| PB 0x00000000c4100000| Untracked 
|  22|0x00000000c4200000, 0x00000000c4300000, 0x00000000c4300000|100%| O|  |TAMS 0x00000000c4200000| PB 0x00000000c4200000| Untracked 
|  23|0x00000000c4300000, 0x00000000c4400000, 0x00000000c4400000|100%| O|  |TAMS 0x00000000c4300000| PB 0x00000000c4300000| Untracked 
|  24|0x00000000c4400000, 0x00000000c4500000, 0x00000000c4500000|100%| O|  |TAMS 0x00000000c4400000| PB 0x00000000c4400000| Untracked 
|  25|0x00000000c4500000, 0x00000000c4600000, 0x00000000c4600000|100%| O|  |TAMS 0x00000000c4500000| PB 0x00000000c4500000| Untracked 
|  26|0x00000000c4600000, 0x00000000c4693920, 0x00000000c4700000| 57%| O|  |TAMS 0x00000000c4600000| PB 0x00000000c4600000| Untracked 
|  27|0x00000000c4700000, 0x00000000c4721af8, 0x00000000c4800000| 13%| S|CS|TAMS 0x00000000c4700000| PB 0x00000000c4700000| Complete 
|  28|0x00000000c4800000, 0x00000000c4800000, 0x00000000c4900000|  0%| F|  |TAMS 0x00000000c4800000| PB 0x00000000c4800000| Untracked 
|  29|0x00000000c4900000, 0x00000000c4a00000, 0x00000000c4a00000|100%| S|CS|TAMS 0x00000000c4900000| PB 0x00000000c4900000| Complete 
|  30|0x00000000c4a00000, 0x00000000c4a00000, 0x00000000c4b00000|  0%| F|  |TAMS 0x00000000c4a00000| PB 0x00000000c4a00000| Untracked 
|  31|0x00000000c4b00000, 0x00000000c4b00000, 0x00000000c4c00000|  0%| F|  |TAMS 0x00000000c4b00000| PB 0x00000000c4b00000| Untracked 
|  32|0x00000000c4c00000, 0x00000000c4ce8200, 0x00000000c4d00000| 90%| E|  |TAMS 0x00000000c4c00000| PB 0x00000000c4c00000| Complete 
|  33|0x00000000c4d00000, 0x00000000c4e00000, 0x00000000c4e00000|100%| E|CS|TAMS 0x00000000c4d00000| PB 0x00000000c4d00000| Complete 
|  34|0x00000000c4e00000, 0x00000000c4f00000, 0x00000000c4f00000|100%| E|CS|TAMS 0x00000000c4e00000| PB 0x00000000c4e00000| Complete 
|  35|0x00000000c4f00000, 0x00000000c5000000, 0x00000000c5000000|100%| E|CS|TAMS 0x00000000c4f00000| PB 0x00000000c4f00000| Complete 
|  36|0x00000000c5000000, 0x00000000c5100000, 0x00000000c5100000|100%| E|CS|TAMS 0x00000000c5000000| PB 0x00000000c5000000| Complete 
|  37|0x00000000c5100000, 0x00000000c5200000, 0x00000000c5200000|100%| E|CS|TAMS 0x00000000c5100000| PB 0x00000000c5100000| Complete 
|  38|0x00000000c5200000, 0x00000000c5300000, 0x00000000c5300000|100%| E|CS|TAMS 0x00000000c5200000| PB 0x00000000c5200000| Complete 
|  39|0x00000000c5300000, 0x00000000c5400000, 0x00000000c5400000|100%| E|CS|TAMS 0x00000000c5300000| PB 0x00000000c5300000| Complete 
|  40|0x00000000c5400000, 0x00000000c5500000, 0x00000000c5500000|100%| E|CS|TAMS 0x00000000c5400000| PB 0x00000000c5400000| Complete 
|  41|0x00000000c5500000, 0x00000000c5600000, 0x00000000c5600000|100%| E|CS|TAMS 0x00000000c5500000| PB 0x00000000c5500000| Complete 
|  42|0x00000000c5600000, 0x00000000c5700000, 0x00000000c5700000|100%| E|CS|TAMS 0x00000000c5600000| PB 0x00000000c5600000| Complete 
|  43|0x00000000c5700000, 0x00000000c5800000, 0x00000000c5800000|100%| E|CS|TAMS 0x00000000c5700000| PB 0x00000000c5700000| Complete 
|  44|0x00000000c5800000, 0x00000000c5900000, 0x00000000c5900000|100%| E|CS|TAMS 0x00000000c5800000| PB 0x00000000c5800000| Complete 
|  45|0x00000000c5900000, 0x00000000c5a00000, 0x00000000c5a00000|100%| E|CS|TAMS 0x00000000c5900000| PB 0x00000000c5900000| Complete 
|  46|0x00000000c5a00000, 0x00000000c5b00000, 0x00000000c5b00000|100%| E|CS|TAMS 0x00000000c5a00000| PB 0x00000000c5a00000| Complete 
|  47|0x00000000c5b00000, 0x00000000c5c00000, 0x00000000c5c00000|100%| E|CS|TAMS 0x00000000c5b00000| PB 0x00000000c5b00000| Complete 
|  48|0x00000000c5c00000, 0x00000000c5d00000, 0x00000000c5d00000|100%| E|CS|TAMS 0x00000000c5c00000| PB 0x00000000c5c00000| Complete 
|  49|0x00000000c5d00000, 0x00000000c5e00000, 0x00000000c5e00000|100%| E|CS|TAMS 0x00000000c5d00000| PB 0x00000000c5d00000| Complete 
|  50|0x00000000c5e00000, 0x00000000c5f00000, 0x00000000c5f00000|100%| E|CS|TAMS 0x00000000c5e00000| PB 0x00000000c5e00000| Complete 
|  51|0x00000000c5f00000, 0x00000000c6000000, 0x00000000c6000000|100%| E|CS|TAMS 0x00000000c5f00000| PB 0x00000000c5f00000| Complete 
|  52|0x00000000c6000000, 0x00000000c6100000, 0x00000000c6100000|100%| E|CS|TAMS 0x00000000c6000000| PB 0x00000000c6000000| Complete 
|  53|0x00000000c6100000, 0x00000000c6200000, 0x00000000c6200000|100%| E|CS|TAMS 0x00000000c6100000| PB 0x00000000c6100000| Complete 
|  54|0x00000000c6200000, 0x00000000c6300000, 0x00000000c6300000|100%| E|CS|TAMS 0x00000000c6200000| PB 0x00000000c6200000| Complete 
|  55|0x00000000c6300000, 0x00000000c6400000, 0x00000000c6400000|100%| E|CS|TAMS 0x00000000c6300000| PB 0x00000000c6300000| Complete 
|  57|0x00000000c6500000, 0x00000000c6600000, 0x00000000c6600000|100%| E|CS|TAMS 0x00000000c6500000| PB 0x00000000c6500000| Complete 
|  61|0x00000000c6900000, 0x00000000c6a00000, 0x00000000c6a00000|100%| E|CS|TAMS 0x00000000c6900000| PB 0x00000000c6900000| Complete 
| 979|0x00000000fff00000, 0x0000000100000000, 0x0000000100000000|100%| O|  |TAMS 0x00000000fff00000| PB 0x00000000fff00000| Untracked 

Card table byte_map: [0x00000189172b0000,0x00000189174a0000] _byte_map_base: 0x0000018916c9a000

Marking Bits: (CMBitMap*) 0x0000018904741e90
 Bits: [0x00000189174a0000, 0x00000189183f0000)

Polling page: 0x0000018903ed0000

Metaspace:

Usage:
  Non-class:     50.08 MB used.
      Class:      7.42 MB used.
       Both:     57.50 MB used.

Virtual space:
  Non-class space:       64.00 MB reserved,      50.44 MB ( 79%) committed,  1 nodes.
      Class space:        1.00 GB reserved,       7.75 MB ( <1%) committed,  1 nodes.
             Both:        1.06 GB reserved,      58.19 MB (  5%) committed. 

Chunk freelists:
   Non-Class:  13.20 MB
       Class:  8.11 MB
        Both:  21.31 MB

MaxMetaspaceSize: unlimited
CompressedClassSpaceSize: 1.00 GB
Initial GC threshold: 21.00 MB
Current GC threshold: 96.06 MB
CDS: on
 - commit_granule_bytes: 65536.
 - commit_granule_words: 8192.
 - virtual_space_node_default_size: 8388608.
 - enlarge_chunks_in_place: 1.
 - use_allocation_guard: 0.


Internal statistics:

num_allocs_failed_limit: 13.
num_arena_births: 1050.
num_arena_deaths: 2.
num_vsnodes_births: 2.
num_vsnodes_deaths: 0.
num_space_committed: 931.
num_space_uncommitted: 0.
num_chunks_returned_to_freelist: 15.
num_chunks_taken_from_freelist: 3085.
num_chunk_merges: 11.
num_chunk_splits: 2090.
num_chunks_enlarged: 1500.
num_inconsistent_stats: 0.

CodeHeap 'non-profiled nmethods': size=120000Kb used=4039Kb max_used=4039Kb free=115960Kb
 bounds [0x000001890fb90000, 0x000001890ff90000, 0x00000189170c0000]
CodeHeap 'profiled nmethods': size=120000Kb used=16310Kb max_used=16310Kb free=103689Kb
 bounds [0x00000189080c0000, 0x00000189090b0000, 0x000001890f5f0000]
CodeHeap 'non-nmethods': size=5760Kb used=1536Kb max_used=1575Kb free=4223Kb
 bounds [0x000001890f5f0000, 0x000001890f860000, 0x000001890fb90000]
CodeCache: size=245760Kb, used=21885Kb, max_used=21924Kb, free=223872Kb
 total_blobs=9198, nmethods=8511, adapters=591, full_count=0
Compilation: enabled, stopped_count=0, restarted_count=0

Compilation events (20 events):
Event: 2300.714 Thread 0x000001891a85c640 nmethod 9618 0x000001890ff7b290 code [0x000001890ff7b5a0, 0x000001890ff7c5a8]
Event: 2300.715 Thread 0x000001891a85c640 9617       4       javax.crypto.Mac::doFinal (38 bytes)
Event: 2300.733 Thread 0x000001891a85c640 nmethod 9617 0x000001890ff7d510 code [0x000001890ff7d720, 0x000001890ff7e178]
Event: 2301.730 Thread 0x000001891a8cd360 9624       3       java.lang.String::encodeASCII (146 bytes)
Event: 2301.837 Thread 0x000001891a8cd360 nmethod 9624 0x00000189090a6890 code [0x00000189090a6ae0, 0x00000189090a74a8]
Event: 2301.970 Thread 0x000001891a85c640 9625       4       java.security.Provider::getService (144 bytes)
Event: 2302.058 Thread 0x000001891a8cd360 9627       3       ch.qos.logback.core.pattern.Converter::write (11 bytes)
Event: 2302.058 Thread 0x000001891a8cd360 nmethod 9627 0x00000189090a7790 code [0x00000189090a7960, 0x00000189090a7bd8]
Event: 2302.117 Thread 0x000001891a8cd360 9628       3       org.springframework.util.ConcurrentLruCache$ReadOperations::recordRead (71 bytes)
Event: 2302.179 Thread 0x000001891a8cd360 nmethod 9628 0x00000189090a7d10 code [0x00000189090a80e0, 0x00000189090a9b80]
Event: 2302.179 Thread 0x000001891a8cd360 9629       3       com.mongodb.connection.ServerDescription::isPrimary (53 bytes)
Event: 2302.180 Thread 0x000001891a8cd360 nmethod 9629 0x00000189090aa610 code [0x00000189090aa7c0, 0x00000189090aaa08]
Event: 2302.232 Thread 0x000001891a85c640 nmethod 9625 0x000001890ff7e610 code [0x000001890ff7e940, 0x000001890ff802c0]
Event: 2302.233 Thread 0x000001891a85c640 9626       4       ch.qos.logback.core.pattern.LiteralConverter::convert (5 bytes)
Event: 2302.234 Thread 0x000001891a85c640 nmethod 9626 0x000001890ff81110 code [0x000001890ff812a0, 0x000001890ff81330]
Event: 2302.914 Thread 0x000001891a8cd360 9630       3       java.lang.String::split (148 bytes)
Event: 2302.916 Thread 0x000001891a85c640 9631       4       java.lang.invoke.MethodHandle::asType (32 bytes)
Event: 2302.920 Thread 0x000001891a8cd360 nmethod 9630 0x00000189090aaa90 code [0x00000189090aae00, 0x00000189090ac430]
Event: 2302.931 Thread 0x000001891a85c640 nmethod 9631 0x000001890ff81410 code [0x000001890ff81600, 0x000001890ff81ac8]
Event: 2302.931 Thread 0x000001891a85c640 9632       4       java.lang.String::split (242 bytes)

GC Heap History (20 events):
Event: 24.266 GC heap before
{Heap before GC invocations=11 (full 0):
 garbage-first heap   total 48128K, used 39548K [0x00000000c2c00000, 0x0000000100000000)
  region size 1024K, 22 young (22528K), 3 survivors (3072K)
 Metaspace       used 44034K, committed 44672K, reserved 1114112K
  class space    used 5802K, committed 6080K, reserved 1048576K
}
Event: 24.284 GC heap after
{Heap after GC invocations=12 (full 0):
 garbage-first heap   total 48128K, used 22785K [0x00000000c2c00000, 0x0000000100000000)
  region size 1024K, 2 young (2048K), 2 survivors (2048K)
 Metaspace       used 44034K, committed 44672K, reserved 1114112K
  class space    used 5802K, committed 6080K, reserved 1048576K
}
Event: 24.937 GC heap before
{Heap before GC invocations=12 (full 0):
 garbage-first heap   total 48128K, used 40193K [0x00000000c2c00000, 0x0000000100000000)
  region size 1024K, 20 young (20480K), 2 survivors (2048K)
 Metaspace       used 45115K, committed 45760K, reserved 1114112K
  class space    used 5939K, committed 6208K, reserved 1048576K
}
Event: 24.943 GC heap after
{Heap after GC invocations=13 (full 0):
 garbage-first heap   total 48128K, used 23695K [0x00000000c2c00000, 0x0000000100000000)
  region size 1024K, 1 young (1024K), 1 survivors (1024K)
 Metaspace       used 45115K, committed 45760K, reserved 1114112K
  class space    used 5939K, committed 6208K, reserved 1048576K
}
Event: 26.145 GC heap before
{Heap before GC invocations=13 (full 0):
 garbage-first heap   total 48128K, used 41103K [0x00000000c2c00000, 0x0000000100000000)
  region size 1024K, 18 young (18432K), 1 survivors (1024K)
 Metaspace       used 46199K, committed 46784K, reserved 1114112K
  class space    used 6080K, committed 6336K, reserved 1048576K
}
Event: 26.153 GC heap after
{Heap after GC invocations=14 (full 0):
 garbage-first heap   total 48128K, used 24509K [0x00000000c2c00000, 0x0000000100000000)
  region size 1024K, 2 young (2048K), 2 survivors (2048K)
 Metaspace       used 46199K, committed 46784K, reserved 1114112K
  class space    used 6080K, committed 6336K, reserved 1048576K
}
Event: 28.171 GC heap before
{Heap before GC invocations=15 (full 0):
 garbage-first heap   total 48128K, used 41917K [0x00000000c2c00000, 0x0000000100000000)
  region size 1024K, 19 young (19456K), 2 survivors (2048K)
 Metaspace       used 48176K, committed 48832K, reserved 1114112K
  class space    used 6366K, committed 6656K, reserved 1048576K
}
Event: 28.178 GC heap after
{Heap after GC invocations=16 (full 0):
 garbage-first heap   total 48128K, used 26287K [0x00000000c2c00000, 0x0000000100000000)
  region size 1024K, 3 young (3072K), 3 survivors (3072K)
 Metaspace       used 48176K, committed 48832K, reserved 1114112K
  class space    used 6366K, committed 6656K, reserved 1048576K
}
Event: 29.229 GC heap before
{Heap before GC invocations=16 (full 0):
 garbage-first heap   total 48128K, used 42671K [0x00000000c2c00000, 0x0000000100000000)
  region size 1024K, 19 young (19456K), 3 survivors (3072K)
 Metaspace       used 49825K, committed 50496K, reserved 1114112K
  class space    used 6613K, committed 6912K, reserved 1048576K
}
Event: 29.239 GC heap after
{Heap after GC invocations=17 (full 0):
 garbage-first heap   total 49152K, used 27084K [0x00000000c2c00000, 0x0000000100000000)
  region size 1024K, 2 young (2048K), 2 survivors (2048K)
 Metaspace       used 49825K, committed 50496K, reserved 1114112K
  class space    used 6613K, committed 6912K, reserved 1048576K
}
Event: 86.153 GC heap before
{Heap before GC invocations=17 (full 0):
 garbage-first heap   total 49152K, used 42444K [0x00000000c2c00000, 0x0000000100000000)
  region size 1024K, 18 young (18432K), 2 survivors (2048K)
 Metaspace       used 53793K, committed 54592K, reserved 1114112K
  class space    used 7118K, committed 7488K, reserved 1048576K
}
Event: 86.200 GC heap after
{Heap after GC invocations=18 (full 0):
 garbage-first heap   total 49152K, used 28156K [0x00000000c2c00000, 0x0000000100000000)
  region size 1024K, 3 young (3072K), 3 survivors (3072K)
 Metaspace       used 53793K, committed 54592K, reserved 1114112K
  class space    used 7118K, committed 7488K, reserved 1048576K
}
Event: 223.330 GC heap before
{Heap before GC invocations=19 (full 0):
 garbage-first heap   total 50176K, used 42492K [0x00000000c2c00000, 0x0000000100000000)
  region size 1024K, 18 young (18432K), 3 survivors (3072K)
 Metaspace       used 56242K, committed 56960K, reserved 1114112K
  class space    used 7404K, committed 7744K, reserved 1048576K
}
Event: 223.391 GC heap after
{Heap after GC invocations=20 (full 0):
 garbage-first heap   total 50176K, used 28686K [0x00000000c2c00000, 0x0000000100000000)
  region size 1024K, 2 young (2048K), 2 survivors (2048K)
 Metaspace       used 56242K, committed 56960K, reserved 1114112K
  class space    used 7404K, committed 7744K, reserved 1048576K
}
Event: 409.871 GC heap before
{Heap before GC invocations=20 (full 0):
 garbage-first heap   total 50176K, used 44046K [0x00000000c2c00000, 0x0000000100000000)
  region size 1024K, 18 young (18432K), 2 survivors (2048K)
 Metaspace       used 57158K, committed 57792K, reserved 1114112K
  class space    used 7459K, committed 7744K, reserved 1048576K
}
Event: 409.896 GC heap after
{Heap after GC invocations=21 (full 0):
 garbage-first heap   total 50176K, used 28058K [0x00000000c2c00000, 0x0000000100000000)
  region size 1024K, 1 young (1024K), 1 survivors (1024K)
 Metaspace       used 57158K, committed 57792K, reserved 1114112K
  class space    used 7459K, committed 7744K, reserved 1048576K
}
Event: 577.650 GC heap before
{Heap before GC invocations=21 (full 0):
 garbage-first heap   total 50176K, used 44442K [0x00000000c2c00000, 0x0000000100000000)
  region size 1024K, 18 young (18432K), 1 survivors (1024K)
 Metaspace       used 58296K, committed 59008K, reserved 1114112K
  class space    used 7571K, committed 7872K, reserved 1048576K
}
Event: 577.681 GC heap after
{Heap after GC invocations=22 (full 0):
 garbage-first heap   total 50176K, used 28339K [0x00000000c2c00000, 0x0000000100000000)
  region size 1024K, 2 young (2048K), 2 survivors (2048K)
 Metaspace       used 58296K, committed 59008K, reserved 1114112K
  class space    used 7571K, committed 7872K, reserved 1048576K
}
Event: 856.125 GC heap before
{Heap before GC invocations=23 (full 0):
 garbage-first heap   total 50176K, used 44723K [0x00000000c2c00000, 0x0000000100000000)
  region size 1024K, 19 young (19456K), 2 survivors (2048K)
 Metaspace       used 58519K, committed 59264K, reserved 1114112K
  class space    used 7572K, committed 7872K, reserved 1048576K
}
Event: 856.169 GC heap after
{Heap after GC invocations=24 (full 0):
 garbage-first heap   total 60416K, used 28373K [0x00000000c2c00000, 0x0000000100000000)
  region size 1024K, 2 young (2048K), 2 survivors (2048K)
 Metaspace       used 58519K, committed 59264K, reserved 1114112K
  class space    used 7572K, committed 7872K, reserved 1048576K
}

Dll operation events (11 events):
Event: 0.036 Loaded shared library C:\Users\user\.p2\pool\plugins\org.eclipse.justj.openjdk.hotspot.jre.full.win32.x86_64_21.0.10.v20260205-0638\jre\bin\java.dll
Event: 0.333 Loaded shared library C:\Users\user\.p2\pool\plugins\org.eclipse.justj.openjdk.hotspot.jre.full.win32.x86_64_21.0.10.v20260205-0638\jre\bin\zip.dll
Event: 0.783 Loaded shared library C:\Users\user\.p2\pool\plugins\org.eclipse.justj.openjdk.hotspot.jre.full.win32.x86_64_21.0.10.v20260205-0638\jre\bin\net.dll
Event: 0.791 Loaded shared library C:\Users\user\.p2\pool\plugins\org.eclipse.justj.openjdk.hotspot.jre.full.win32.x86_64_21.0.10.v20260205-0638\jre\bin\nio.dll
Event: 0.806 Loaded shared library C:\Users\user\.p2\pool\plugins\org.eclipse.justj.openjdk.hotspot.jre.full.win32.x86_64_21.0.10.v20260205-0638\jre\bin\zip.dll
Event: 1.650 Loaded shared library C:\Users\user\.p2\pool\plugins\org.eclipse.justj.openjdk.hotspot.jre.full.win32.x86_64_21.0.10.v20260205-0638\jre\bin\jimage.dll
Event: 10.875 Loaded shared library C:\Users\user\.p2\pool\plugins\org.eclipse.justj.openjdk.hotspot.jre.full.win32.x86_64_21.0.10.v20260205-0638\jre\bin\sunmscapi.dll
Event: 20.345 Loaded shared library C:\Users\user\.p2\pool\plugins\org.eclipse.justj.openjdk.hotspot.jre.full.win32.x86_64_21.0.10.v20260205-0638\jre\bin\management.dll
Event: 20.355 Loaded shared library C:\Users\user\.p2\pool\plugins\org.eclipse.justj.openjdk.hotspot.jre.full.win32.x86_64_21.0.10.v20260205-0638\jre\bin\management_ext.dll
Event: 21.140 Loaded shared library C:\Users\user\.p2\pool\plugins\org.eclipse.justj.openjdk.hotspot.jre.full.win32.x86_64_21.0.10.v20260205-0638\jre\bin\extnet.dll
Event: 32.536 Loaded shared library C:\Users\user\.p2\pool\plugins\org.eclipse.justj.openjdk.hotspot.jre.full.win32.x86_64_21.0.10.v20260205-0638\jre\bin\verify.dll

Deoptimization events (20 events):
Event: 2300.264 Thread 0x000001891a9ee270 Uncommon trap: trap_request=0xffffff45 fr.pc=0x000001890ff74748 relative=0x00000000000004a8
Event: 2300.264 Thread 0x000001891a9ee270 Uncommon trap: reason=unstable_if action=reinterpret pc=0x000001890ff74748 method=sun.security.provider.SHA.implDigest([BI)V @ 21 c2
Event: 2300.264 Thread 0x000001891a9ee270 DEOPT PACKING pc=0x000001890ff74748 sp=0x00000023105fafb0
Event: 2300.264 Thread 0x000001891a9ee270 DEOPT UNPACKING pc=0x000001890f64439c sp=0x00000023105fae68 mode 2
Event: 2300.270 Thread 0x000001891a9ee270 Uncommon trap: trap_request=0xffffff45 fr.pc=0x000001890fdd6cec relative=0x0000000000000b0c
Event: 2300.270 Thread 0x000001891a9ee270 Uncommon trap: reason=unstable_if action=reinterpret pc=0x000001890fdd6cec method=sun.security.provider.SHA.implReset()V @ 8 c2
Event: 2300.270 Thread 0x000001891a9ee270 DEOPT PACKING pc=0x000001890fdd6cec sp=0x00000023105faeb0
Event: 2300.270 Thread 0x000001891a9ee270 DEOPT UNPACKING pc=0x000001890f64439c sp=0x00000023105fadc8 mode 2
Event: 2300.270 Thread 0x000001891a9ee270 Uncommon trap: trap_request=0xffffff45 fr.pc=0x000001890fddbc0c relative=0x00000000000001ec
Event: 2300.270 Thread 0x000001891a9ee270 Uncommon trap: reason=unstable_if action=reinterpret pc=0x000001890fddbc0c method=sun.security.provider.SHA.implReset()V @ 8 c2
Event: 2300.270 Thread 0x000001891a9ee270 DEOPT PACKING pc=0x000001890fddbc0c sp=0x00000023105faea0
Event: 2300.270 Thread 0x000001891a9ee270 DEOPT UNPACKING pc=0x000001890f64439c sp=0x00000023105fae40 mode 2
Event: 2300.277 Thread 0x000001891a9ed550 Uncommon trap: trap_request=0xffffffc6 fr.pc=0x000001890fdda044 relative=0x00000000000006a4
Event: 2300.277 Thread 0x000001891a9ed550 Uncommon trap: reason=bimorphic_or_optimized_type_check action=maybe_recompile pc=0x000001890fdda044 method=sun.security.provider.DigestBase.engineDigest([BII)I @ 97 c2
Event: 2300.277 Thread 0x000001891a9ed550 DEOPT PACKING pc=0x000001890fdda044 sp=0x00000023104fa7b0
Event: 2300.277 Thread 0x000001891a9ed550 DEOPT UNPACKING pc=0x000001890f64439c sp=0x00000023104fa760 mode 2
Event: 2300.277 Thread 0x000001891a9ed550 Uncommon trap: trap_request=0xffffff45 fr.pc=0x000001890fdd9ff8 relative=0x0000000000000658
Event: 2300.277 Thread 0x000001891a9ed550 Uncommon trap: reason=unstable_if action=reinterpret pc=0x000001890fdd9ff8 method=sun.security.provider.SHA.implDigest([BI)V @ 21 c2
Event: 2300.277 Thread 0x000001891a9ed550 DEOPT PACKING pc=0x000001890fdd9ff8 sp=0x00000023104fa850
Event: 2300.277 Thread 0x000001891a9ed550 DEOPT UNPACKING pc=0x000001890f64439c sp=0x00000023104fa778 mode 2

Classes loaded (20 events):
Event: 234.956 Loading class sun/security/ssl/Alert$AlertConsumer
Event: 234.957 Loading class sun/security/ssl/Alert$AlertConsumer done
Event: 234.957 Loading class sun/security/ssl/Alert$Level
Event: 234.958 Loading class sun/security/ssl/Alert$Level done
Event: 433.532 Loading class sun/net/ConnectionResetException
Event: 433.538 Loading class sun/net/ConnectionResetException done
Event: 475.979 Loading class org/w3c/dom/Node
Event: 475.996 Loading class org/w3c/dom/Node done
Event: 475.997 Loading class org/w3c/dom/Document
Event: 476.003 Loading class org/w3c/dom/Document done
Event: 477.086 Loading class java/util/concurrent/ConcurrentHashMap$TreeBin
Event: 477.088 Loading class java/util/concurrent/ConcurrentHashMap$TreeBin done
Event: 2267.549 Loading class java/nio/channels/ClosedByInterruptException
Event: 2267.559 Loading class java/nio/channels/AsynchronousCloseException
Event: 2267.567 Loading class java/nio/channels/AsynchronousCloseException done
Event: 2267.567 Loading class java/nio/channels/ClosedByInterruptException done
Event: 2297.005 Loading class javax/net/ssl/SSLHandshakeException
Event: 2297.012 Loading class javax/net/ssl/SSLHandshakeException done
Event: 2297.166 Loading class java/util/concurrent/locks/AbstractQueuedSynchronizer$SharedNode
Event: 2297.169 Loading class java/util/concurrent/locks/AbstractQueuedSynchronizer$SharedNode done

Classes unloaded (1 events):
Event: 86.344 Thread 0x00000189047c52b0 Unloading class 0x000001891c5dc400 'java/lang/invoke/LambdaForm$MH+0x000001891c5dc400'

Classes redefined (0 events):
No events

Internal exceptions (20 events):
Event: 477.209 Thread 0x000001891a9ebb10 Exception <a 'java/lang/NoSuchMethodError'{0x00000000c529eb90}: 'java.lang.Object java.lang.invoke.DirectMethodHandle$Holder.newInvokeSpecial(java.lang.Object, java.lang.Object, double)'> (0x00000000c529eb90) 
thrown [s\src\hotspot\share\interpreter\linkResolver.cpp, line 773]
Event: 477.211 Thread 0x000001891a9ebb10 Exception <a 'java/lang/NoSuchMethodError'{0x00000000c52a6898}: 'void java.lang.invoke.DirectMethodHandle$Holder.invokeSpecial(java.lang.Object, java.lang.Object, long)'> (0x00000000c52a6898) 
thrown [s\src\hotspot\share\interpreter\linkResolver.cpp, line 773]
Event: 950.632 Thread 0x000001891a9ebb10 Implicit null exception at 0x000001890ff4354f to 0x000001890ff43aa0
Event: 1011.652 Thread 0x0000018961d5dbf0 Implicit null exception at 0x000001890ff47d58 to 0x000001890ff48308
Event: 2259.644 Thread 0x000001896088c4a0 Exception <a 'sun/net/ConnectionResetException'{0x00000000c57caf18}: Connection reset> (0x00000000c57caf18) 
thrown [s\src\hotspot\share\prims\jni.cpp, line 539]
Event: 2259.668 Thread 0x000001896088c4a0 Exception <a 'java/io/IOException'{0x00000000c57cbe00}: Connection reset by peer> (0x00000000c57cbe00) 
thrown [s\src\hotspot\share\prims\jni.cpp, line 539]
Event: 2259.731 Thread 0x000001896088aa60 Exception <a 'sun/net/ConnectionResetException'{0x00000000c57d2568}: Connection reset> (0x00000000c57d2568) 
thrown [s\src\hotspot\share\prims\jni.cpp, line 539]
Event: 2259.732 Thread 0x000001896088aa60 Exception <a 'java/io/IOException'{0x00000000c57d3420}: Connection reset by peer> (0x00000000c57d3420) 
thrown [s\src\hotspot\share\prims\jni.cpp, line 539]
Event: 2260.015 Thread 0x00000189627cb220 Exception <a 'sun/net/ConnectionResetException'{0x00000000c57d9618}: Connection reset> (0x00000000c57d9618) 
thrown [s\src\hotspot\share\prims\jni.cpp, line 539]
Event: 2267.455 Thread 0x00000189627cb220 Exception <a 'java/io/IOException'{0x00000000c57da4d0}: Connection reset by peer> (0x00000000c57da4d0) 
thrown [s\src\hotspot\share\prims\jni.cpp, line 539]
Event: 2276.353 Thread 0x000001896088b0f0 Exception <a 'java/lang/NoSuchMethodError'{0x00000000c5020578}: 'void java.lang.invoke.DirectMethodHandle$Holder.invokeInterface(java.lang.Object, java.lang.Object)'> (0x00000000c5020578) 
thrown [s\src\hotspot\share\interpreter\linkResolver.cpp, line 773]
Event: 2278.639 Thread 0x00000189627cb220 Implicit null exception at 0x000001890ff55a46 to 0x000001890ff55cf4
Event: 2278.639 Thread 0x000001896088b0f0 Implicit null exception at 0x000001890ff55a46 to 0x000001890ff55cf4
Event: 2278.639 Thread 0x000001896088c4a0 Implicit null exception at 0x000001890ff55a46 to 0x000001890ff55cf4
Event: 2296.980 Thread 0x000001891a9ee270 Exception <a 'java/io/IOException'{0x00000000c4f9f760}: Connection reset by peer> (0x00000000c4f9f760) 
thrown [s\src\hotspot\share\prims\jni.cpp, line 539]
Event: 2297.012 Thread 0x000001891a9ee270 Exception <a 'java/io/IOException'{0x00000000c4fa3f28}: Connection reset by peer> (0x00000000c4fa3f28) 
thrown [s\src\hotspot\share\prims\jni.cpp, line 539]
Event: 2297.014 Thread 0x000001891a9ee270 Exception <a 'java/io/IOException'{0x00000000c4fa7710}: Connection reset by peer> (0x00000000c4fa7710) 
thrown [s\src\hotspot\share\prims\jni.cpp, line 539]
Event: 2297.088 Thread 0x0000018962081c40 Exception <a 'java/io/IOException'{0x00000000c4f3bbc8}> (0x00000000c4f3bbc8) 
thrown [s\src\hotspot\share\prims\jni.cpp, line 520]
Event: 2300.269 Thread 0x000001891a9ee270 Implicit null exception at 0x000001890fdd62b6 to 0x000001890fdd6ccc
Event: 2300.270 Thread 0x000001891a9ee270 Implicit null exception at 0x000001890fddba94 to 0x000001890fddbc00

ZGC Phase Switch (0 events):
No events

VM Operations (20 events):
Event: 2276.667 Executing safepoint VM operation: Cleanup
Event: 2276.667 Executing safepoint VM operation: Cleanup done
Event: 2277.676 Executing safepoint VM operation: Cleanup
Event: 2277.692 Executing safepoint VM operation: Cleanup done
Event: 2278.707 Executing safepoint VM operation: Cleanup
Event: 2278.723 Executing safepoint VM operation: Cleanup done
Event: 2279.725 Executing safepoint VM operation: Cleanup
Event: 2279.725 Executing safepoint VM operation: Cleanup done
Event: 2296.848 Executing safepoint VM operation: Cleanup
Event: 2296.848 Executing safepoint VM operation: Cleanup done
Event: 2297.855 Executing safepoint VM operation: Cleanup
Event: 2297.855 Executing safepoint VM operation: Cleanup done
Event: 2298.858 Executing safepoint VM operation: Cleanup
Event: 2298.858 Executing safepoint VM operation: Cleanup done
Event: 2299.890 Executing safepoint VM operation: Cleanup
Event: 2299.890 Executing safepoint VM operation: Cleanup done
Event: 2300.891 Executing safepoint VM operation: Cleanup
Event: 2300.987 Executing safepoint VM operation: Cleanup done
Event: 2301.996 Executing safepoint VM operation: Cleanup
Event: 2302.058 Executing safepoint VM operation: Cleanup done

Memory protections (0 events):
No events

Nmethod flushes (20 events):
Event: 577.930 Thread 0x00000189047c52b0 flushing  nmethod 0x0000018908824990
Event: 577.930 Thread 0x00000189047c52b0 flushing  nmethod 0x0000018908824d10
Event: 577.930 Thread 0x00000189047c52b0 flushing  nmethod 0x000001890884d610
Event: 577.930 Thread 0x00000189047c52b0 flushing  nmethod 0x0000018908856d90
Event: 577.930 Thread 0x00000189047c52b0 flushing  nmethod 0x0000018908857910
Event: 577.930 Thread 0x00000189047c52b0 flushing  nmethod 0x00000189088b4610
Event: 577.930 Thread 0x00000189047c52b0 flushing  nmethod 0x00000189088b6410
Event: 577.930 Thread 0x00000189047c52b0 flushing  nmethod 0x00000189088b7390
Event: 577.930 Thread 0x00000189047c52b0 flushing  nmethod 0x00000189088b9090
Event: 577.930 Thread 0x00000189047c52b0 flushing  nmethod 0x00000189088c0890
Event: 577.930 Thread 0x00000189047c52b0 flushing  nmethod 0x00000189088c6710
Event: 577.930 Thread 0x00000189047c52b0 flushing  nmethod 0x00000189088cbf90
Event: 577.930 Thread 0x00000189047c52b0 flushing  nmethod 0x000001890895ad90
Event: 577.930 Thread 0x00000189047c52b0 flushing  nmethod 0x000001890895ce10
Event: 577.930 Thread 0x00000189047c52b0 flushing  nmethod 0x0000018908a40410
Event: 577.930 Thread 0x00000189047c52b0 flushing  nmethod 0x0000018908a89610
Event: 577.930 Thread 0x00000189047c52b0 flushing osr nmethod 0x0000018908ae2990
Event: 577.930 Thread 0x00000189047c52b0 flushing  nmethod 0x0000018908af5a90
Event: 577.930 Thread 0x00000189047c52b0 flushing  nmethod 0x0000018908afa290
Event: 577.930 Thread 0x00000189047c52b0 flushing  nmethod 0x0000018908b00590

Events (20 events):
Event: 29.599 Thread 0x000001890242a290 Thread added: 0x000001891a9edbe0
Event: 29.600 Thread 0x000001890242a290 Thread added: 0x0000018961d5dbf0
Event: 29.600 Thread 0x000001890242a290 Thread added: 0x0000018961d5efa0
Event: 29.617 Thread 0x000001890242a290 Thread added: 0x0000018961d609e0
Event: 29.622 Thread 0x000001890242a290 Thread added: 0x0000018961d5f630
Event: 32.577 Thread 0x000001890242a290 Thread exited: 0x000001890242a290
Event: 32.577 Thread 0x0000018961d5fcc0 Thread added: 0x0000018961d5fcc0
Event: 81.812 Thread 0x0000018962b4e0b0 Thread exited: 0x0000018962b4e0b0
Event: 224.000 Thread 0x000001891a9ee270 Thread added: 0x0000018961d5e910
Event: 224.002 Thread 0x0000018961d5e910 Thread exited: 0x0000018961d5e910
Event: 224.930 Thread 0x000001891a9ee270 Thread added: 0x0000018961d60350
Event: 239.995 Thread 0x0000018961d60350 Thread exited: 0x0000018961d60350
Event: 280.058 Thread 0x000001891a9ec1a0 Thread added: 0x0000018961d62420
Event: 280.061 Thread 0x0000018961d62420 Thread exited: 0x0000018961d62420
Event: 280.709 Thread 0x000001891a9ec1a0 Thread added: 0x0000018961d63e60
Event: 295.734 Thread 0x0000018961d63e60 Thread exited: 0x0000018961d63e60
Event: 298.346 Thread 0x0000018961d5dbf0 Thread added: 0x0000018961d5d560
Event: 298.347 Thread 0x0000018961d5d560 Thread exited: 0x0000018961d5d560
Event: 299.036 Thread 0x0000018961d5dbf0 Thread added: 0x0000018961d5e280
Event: 314.072 Thread 0x0000018961d5e280 Thread exited: 0x0000018961d5e280


Dynamic libraries:
0x00007ff618590000 - 0x00007ff61859e000 	C:\Users\user\.p2\pool\plugins\org.eclipse.justj.openjdk.hotspot.jre.full.win32.x86_64_21.0.10.v20260205-0638\jre\bin\javaw.exe
0x00007ff9a00b0000 - 0x00007ff9a02a8000 	C:\Windows\SYSTEM32\ntdll.dll
0x00007ff99e0d0000 - 0x00007ff99e192000 	C:\Windows\System32\KERNEL32.DLL
0x00007ff99d7c0000 - 0x00007ff99dab6000 	C:\Windows\System32\KERNELBASE.dll
0x00007ff99ddf0000 - 0x00007ff99def0000 	C:\Windows\System32\ucrtbase.dll
0x00007ff9938b0000 - 0x00007ff9938c8000 	C:\Users\user\.p2\pool\plugins\org.eclipse.justj.openjdk.hotspot.jre.full.win32.x86_64_21.0.10.v20260205-0638\jre\bin\jli.dll
0x00007ff993710000 - 0x00007ff99372e000 	C:\Users\user\.p2\pool\plugins\org.eclipse.justj.openjdk.hotspot.jre.full.win32.x86_64_21.0.10.v20260205-0638\jre\bin\VCRUNTIME140.dll
0x00007ff99fca0000 - 0x00007ff99fe41000 	C:\Windows\System32\USER32.dll
0x00007ff992150000 - 0x00007ff9923eb000 	C:\Windows\WinSxS\amd64_microsoft.windows.common-controls_6595b64144ccf1df_6.0.19041.6456_none_60b8a6cb71f64256\COMCTL32.dll
0x00007ff99fb60000 - 0x00007ff99fbfe000 	C:\Windows\System32\msvcrt.dll
0x00007ff99ddc0000 - 0x00007ff99dde2000 	C:\Windows\System32\win32u.dll
0x00007ff99e270000 - 0x00007ff99e29b000 	C:\Windows\System32\GDI32.dll
0x00007ff99def0000 - 0x00007ff99e009000 	C:\Windows\System32\gdi32full.dll
0x00007ff99dc20000 - 0x00007ff99dcbd000 	C:\Windows\System32\msvcp_win.dll
0x00007ff99ed30000 - 0x00007ff99ed5f000 	C:\Windows\System32\IMM32.DLL
0x00007ff998670000 - 0x00007ff99867c000 	C:\Users\user\.p2\pool\plugins\org.eclipse.justj.openjdk.hotspot.jre.full.win32.x86_64_21.0.10.v20260205-0638\jre\bin\vcruntime140_1.dll
0x00007ff976c80000 - 0x00007ff976d0d000 	C:\Users\user\.p2\pool\plugins\org.eclipse.justj.openjdk.hotspot.jre.full.win32.x86_64_21.0.10.v20260205-0638\jre\bin\msvcp140.dll
0x00007ff91cc90000 - 0x00007ff91da31000 	C:\Users\user\.p2\pool\plugins\org.eclipse.justj.openjdk.hotspot.jre.full.win32.x86_64_21.0.10.v20260205-0638\jre\bin\server\jvm.dll
0x00007ff99efc0000 - 0x00007ff99f071000 	C:\Windows\System32\ADVAPI32.dll
0x00007ff99fc00000 - 0x00007ff99fc9f000 	C:\Windows\System32\sechost.dll
0x00007ff99ed60000 - 0x00007ff99ee80000 	C:\Windows\System32\RPCRT4.dll
0x00007ff99e0a0000 - 0x00007ff99e0c7000 	C:\Windows\System32\bcrypt.dll
0x00007ff9a0000000 - 0x00007ff9a006b000 	C:\Windows\System32\WS2_32.dll
0x00007ff99ccd0000 - 0x00007ff99cd1b000 	C:\Windows\SYSTEM32\POWRPROF.dll
0x00007ff992a20000 - 0x00007ff992a47000 	C:\Windows\SYSTEM32\WINMM.dll
0x00007ff996210000 - 0x00007ff99621a000 	C:\Windows\SYSTEM32\VERSION.dll
0x00007ff99cb40000 - 0x00007ff99cb52000 	C:\Windows\SYSTEM32\UMPDC.dll
0x00007ff99bf50000 - 0x00007ff99bf62000 	C:\Windows\SYSTEM32\kernel.appcore.dll
0x00007ff974260000 - 0x00007ff97426a000 	C:\Users\user\.p2\pool\plugins\org.eclipse.justj.openjdk.hotspot.jre.full.win32.x86_64_21.0.10.v20260205-0638\jre\bin\jimage.dll
0x00007ff99b420000 - 0x00007ff99b621000 	C:\Windows\SYSTEM32\DBGHELP.DLL
0x00007ff981880000 - 0x00007ff9818b4000 	C:\Windows\SYSTEM32\dbgcore.DLL
0x00007ff99e010000 - 0x00007ff99e092000 	C:\Windows\System32\bcryptPrimitives.dll
0x00007ff96ad30000 - 0x00007ff96ad50000 	C:\Users\user\.p2\pool\plugins\org.eclipse.justj.openjdk.hotspot.jre.full.win32.x86_64_21.0.10.v20260205-0638\jre\bin\java.dll
0x00007ff99f240000 - 0x00007ff99f9b0000 	C:\Windows\System32\SHELL32.dll
0x00007ff99b630000 - 0x00007ff99bdd5000 	C:\Windows\SYSTEM32\windows.storage.dll
0x00007ff99e8f0000 - 0x00007ff99ec44000 	C:\Windows\System32\combase.dll
0x00007ff99d170000 - 0x00007ff99d19b000 	C:\Windows\SYSTEM32\Wldp.dll
0x00007ff99eef0000 - 0x00007ff99efbd000 	C:\Windows\System32\OLEAUT32.dll
0x00007ff99fa10000 - 0x00007ff99fabd000 	C:\Windows\System32\SHCORE.dll
0x00007ff99e770000 - 0x00007ff99e7cb000 	C:\Windows\System32\shlwapi.dll
0x00007ff99d670000 - 0x00007ff99d694000 	C:\Windows\SYSTEM32\profapi.dll
0x00007ff96a3c0000 - 0x00007ff96a3d8000 	C:\Users\user\.p2\pool\plugins\org.eclipse.justj.openjdk.hotspot.jre.full.win32.x86_64_21.0.10.v20260205-0638\jre\bin\zip.dll
0x00007ff96aa10000 - 0x00007ff96aa20000 	C:\Users\user\.p2\pool\plugins\org.eclipse.justj.openjdk.hotspot.jre.full.win32.x86_64_21.0.10.v20260205-0638\jre\bin\net.dll
0x00007ff992660000 - 0x00007ff99276a000 	C:\Windows\SYSTEM32\WINHTTP.dll
0x00007ff99ced0000 - 0x00007ff99cf3a000 	C:\Windows\system32\mswsock.dll
0x00007ff969d40000 - 0x00007ff969d56000 	C:\Users\user\.p2\pool\plugins\org.eclipse.justj.openjdk.hotspot.jre.full.win32.x86_64_21.0.10.v20260205-0638\jre\bin\nio.dll
0x00007ff996770000 - 0x00007ff99677e000 	C:\Users\user\.p2\pool\plugins\org.eclipse.justj.openjdk.hotspot.jre.full.win32.x86_64_21.0.10.v20260205-0638\jre\bin\sunmscapi.dll
0x00007ff99dac0000 - 0x00007ff99dc1d000 	C:\Windows\System32\CRYPT32.dll
0x00007ff99d1e0000 - 0x00007ff99d207000 	C:\Windows\SYSTEM32\ncrypt.dll
0x00007ff99d1a0000 - 0x00007ff99d1db000 	C:\Windows\SYSTEM32\NTASN1.dll
0x00007ff99d0d0000 - 0x00007ff99d0e8000 	C:\Windows\SYSTEM32\CRYPTSP.dll
0x00007ff99c780000 - 0x00007ff99c7b8000 	C:\Windows\system32\rsaenh.dll
0x00007ff99d630000 - 0x00007ff99d65e000 	C:\Windows\SYSTEM32\USERENV.dll
0x00007ff99d0c0000 - 0x00007ff99d0cc000 	C:\Windows\SYSTEM32\CRYPTBASE.dll
0x00007ff99cb60000 - 0x00007ff99cb9b000 	C:\Windows\SYSTEM32\IPHLPAPI.DLL
0x00007ff99e260000 - 0x00007ff99e268000 	C:\Windows\System32\NSI.dll
0x00007ff996690000 - 0x00007ff99669a000 	C:\Users\user\.p2\pool\plugins\org.eclipse.justj.openjdk.hotspot.jre.full.win32.x86_64_21.0.10.v20260205-0638\jre\bin\management.dll
0x00007ff996680000 - 0x00007ff99668c000 	C:\Users\user\.p2\pool\plugins\org.eclipse.justj.openjdk.hotspot.jre.full.win32.x86_64_21.0.10.v20260205-0638\jre\bin\management_ext.dll
0x00007ff99e250000 - 0x00007ff99e258000 	C:\Windows\System32\PSAPI.DLL
0x00007ff992c20000 - 0x00007ff992c37000 	C:\Windows\SYSTEM32\dhcpcsvc6.DLL
0x00007ff993f70000 - 0x00007ff993f8d000 	C:\Windows\SYSTEM32\dhcpcsvc.DLL
0x00007ff99cbb0000 - 0x00007ff99cc7a000 	C:\Windows\SYSTEM32\DNSAPI.dll
0x00007ff96abf0000 - 0x00007ff96abf9000 	C:\Users\user\.p2\pool\plugins\org.eclipse.justj.openjdk.hotspot.jre.full.win32.x86_64_21.0.10.v20260205-0638\jre\bin\extnet.dll
0x00007ff925250000 - 0x00007ff925257000 	C:\Windows\system32\wshunix.dll
0x0000000071740000 - 0x0000000071766000 	C:\Program Files\Bonjour\mdnsNSP.dll
0x00007ff989000000 - 0x00007ff98900a000 	C:\Windows\System32\rasadhlp.dll
0x00007ff98c180000 - 0x00007ff98c200000 	C:\Windows\System32\fwpuclnt.dll
0x00007ff996720000 - 0x00007ff996730000 	C:\Users\user\.p2\pool\plugins\org.eclipse.justj.openjdk.hotspot.jre.full.win32.x86_64_21.0.10.v20260205-0638\jre\bin\verify.dll

JVMTI agents: none

dbghelp: loaded successfully - version: 4.0.5 - missing functions: none
symbol engine: initialized successfully - sym options: 0x614 - pdb path: .;C:\Users\user\.p2\pool\plugins\org.eclipse.justj.openjdk.hotspot.jre.full.win32.x86_64_21.0.10.v20260205-0638\jre\bin;C:\Windows\SYSTEM32;C:\Windows\WinSxS\amd64_microsoft.windows.common-controls_6595b64144ccf1df_6.0.19041.6456_none_60b8a6cb71f64256;C:\Users\user\.p2\pool\plugins\org.eclipse.justj.openjdk.hotspot.jre.full.win32.x86_64_21.0.10.v20260205-0638\jre\bin\server;C:\Program Files\Bonjour

VM Arguments:
jvm_args: -Dfile.encoding=UTF-8 -Dstdout.encoding=UTF-8 -Dstderr.encoding=UTF-8 -XX:+ShowCodeDetailsInExceptionMessages 
java_command: com.justbinary.JustbinaryApplication
java_class_path (initial): E:\bestbinary\target\classes;C:\Users\user\.m2\repository\org\springframework\boot\spring-boot-starter-web\3.2.0\spring-boot-starter-web-3.2.0.jar;C:\Users\user\.m2\repository\org\springframework\boot\spring-boot-starter\3.2.0\spring-boot-starter-3.2.0.jar;C:\Users\user\.m2\repository\org\springframework\boot\spring-boot\3.2.0\spring-boot-3.2.0.jar;C:\Users\user\.m2\repository\org\springframework\boot\spring-boot-autoconfigure\3.2.0\spring-boot-autoconfigure-3.2.0.jar;C:\Users\user\.m2\repository\org\springframework\boot\spring-boot-starter-logging\3.2.0\spring-boot-starter-logging-3.2.0.jar;C:\Users\user\.m2\repository\ch\qos\logback\logback-classic\1.4.11\logback-classic-1.4.11.jar;C:\Users\user\.m2\repository\ch\qos\logback\logback-core\1.4.11\logback-core-1.4.11.jar;C:\Users\user\.m2\repository\org\apache\logging\log4j\log4j-to-slf4j\2.21.1\log4j-to-slf4j-2.21.1.jar;C:\Users\user\.m2\repository\org\apache\logging\log4j\log4j-api\2.21.1\log4j-api-2.21.1.jar;C:\Users\user\.m2\repository\org\slf4j\jul-to-slf4j\2.0.9\jul-to-slf4j-2.0.9.jar;C:\Users\user\.m2\repository\jakarta\annotation\jakarta.annotation-api\2.1.1\jakarta.annotation-api-2.1.1.jar;C:\Users\user\.m2\repository\org\yaml\snakeyaml\2.2\snakeyaml-2.2.jar;C:\Users\user\.m2\repository\org\springframework\boot\spring-boot-starter-json\3.2.0\spring-boot-starter-json-3.2.0.jar;C:\Users\user\.m2\repository\com\fasterxml\jackson\datatype\jackson-datatype-jdk8\2.15.3\jackson-datatype-jdk8-2.15.3.jar;C:\Users\user\.m2\repository\com\fasterxml\jackson\datatype\jackson-datatype-jsr310\2.15.3\jackson-datatype-jsr310-2.15.3.jar;C:\Users\user\.m2\repository\com\fasterxml\jackson\module\jackson-module-parameter-names\2.15.3\jackson-module-parameter-names-2.15.3.jar;C:\Users\user\.m2\repository\org\springframework\boot\spring-boot-starter-tomcat\3.2.0\spring-boot-starter-tomcat-3.2.0.jar;C:\Users\user\.m2\repository\org\apache\tomcat\embed\tomcat-embed-core\10.1.16\tomcat-embed-core-10.1.16.jar;C:\Users\user\.m2\repository\org\apache\tomcat\embed\tomcat-embed-websocket\10.1.16\tomcat-embed-websocket-10.1.16.jar;C:\Users\user\.m2\repository\org\springframework\spring-web\6.1.1\spring-web-6.1.1.jar;C:\Users\user\.m2\repository\org\springframework\spring-beans\6.1.1\spring-beans-6.1.1.jar;C:\Users\user\.m2\repository\io\micrometer\micrometer-observation\1.12.0\micrometer-observation-1.12.0.jar;C:\Users\user\.m2\repository\io\micrometer\micrometer-commons\1.12.0\micrometer-commons-1.12.0.jar;C:\Users\user\.m2\repository\org\springframework\spring-webmvc\6.1.1\spring-webmvc-6.1.1.jar;C:\Users\user\.m2\repository\org\springframework\spring-context\6.1.1\spring-context-6.1.1.jar;C:\Users\user\.m2\repository\org\springframework\spring-expression\6.1.1\spring-expression-6.1.1.jar;C:\Users\user\.m2\repository\org\springframework\boot\spring-boot-starter-security\3.2.0\spring-boot-starter-security-3.2.0.jar;C:\Users\user\.m2\repository\org\springframework\spring-aop\6.1.1\spring-aop-6.1.1.jar;C:\Users\user\.m2\repository\org\springframework\security\spring-security-config\6.2.0\spring-security-config-6.2.0.jar;C:\Users\user\.m2\repository\org\springframework\security\spring-security-core\6.2.0\spring-security-core-6.2.0.jar;C:\Users\user\.m2\repository\org\springframework\security\spring-security-crypto\6.2.0\spring-security-crypto-6.2.0.jar;C:\Users\user\.m2\repository\org\springframework\security\spring-security-web\6.2.0\spring-security-web-6.2.0.jar;C:\Users\user\.m2\repository\io\jsonwebtoken\jjwt-api\0.11.5\jjwt-api-0.11.5.jar;C:\Users\user\.m2\repository\io\jsonwebtoken\jjwt-impl\0.11.5\jjwt-impl-0.11.5.jar;C:\Users\user\.m2\repository\io\jsonwebtoken\jjwt-jackson\0.11.5\jjwt-jackson-0.11.5.jar;C:\Users\user\.m2\repository\org\springframework\boot\spring-boot-starter-data-mongodb\3.2.0\spring-boot-starter-data-mongodb-3.2.0.jar;C:\Users\user\.m2\repository\org\mongodb\mongodb-driver-sync\4.11.1\mongodb-driver-sync-4.11.1.jar;C:\Users\user\.m2\repository\org\mongodb\bson\4.11.1\bson-4.11.1.jar;C:\Users\user\.m2\repository\org\mongodb\mongodb-driver-core\4.11.1\mongodb-driver-core-4.11.1.jar;C:\Users\user\.m2\repository\org\mongodb\bson-record-codec\4.11.1\bson-record-codec-4.11.1.jar;C:\Users\user\.m2\repository\org\springframework\data\spring-data-mongodb\4.2.0\spring-data-mongodb-4.2.0.jar;C:\Users\user\.m2\repository\org\springframework\spring-tx\6.1.1\spring-tx-6.1.1.jar;C:\Users\user\.m2\repository\org\springframework\data\spring-data-commons\3.2.0\spring-data-commons-3.2.0.jar;C:\Users\user\.m2\repository\org\slf4j\slf4j-api\2.0.9\slf4j-api-2.0.9.jar;C:\Users\user\.m2\repository\org\springframework\boot\spring-boot-starter-validation\3.2.0\spring-boot-starter-validation-3.2.0.jar;C:\Users\user\.m2\repository\org\apache\tomcat\embed\tomcat-embed-el\10.1.16\tomcat-embed-el-10.1.16.jar;C:\Users\user\.m2\repository\org\hibernate\validator\hibernate-validator\8.0.1.Final\hibernate-validator-8.0.1.Final.jar;C:\Users\user\.m2\repository\jakarta\validation\jakarta.validation-api\3.0.2\jakarta.validation-api-3.0.2.jar;C:\Users\user\.m2\repository\org\jboss\logging\jboss-logging\3.5.3.Final\jboss-logging-3.5.3.Final.jar;C:\Users\user\.m2\repository\com\fasterxml\classmate\1.6.0\classmate-1.6.0.jar;C:\Users\user\.m2\repository\com\fasterxml\jackson\core\jackson-databind\2.15.3\jackson-databind-2.15.3.jar;C:\Users\user\.m2\repository\com\fasterxml\jackson\core\jackson-annotations\2.15.3\jackson-annotations-2.15.3.jar;C:\Users\user\.m2\repository\com\fasterxml\jackson\core\jackson-core\2.15.3\jackson-core-2.15.3.jar;C:\Users\user\.m2\repository\org\springframework\boot\spring-boot-starter-mail\3.2.0\spring-boot-starter-mail-3.2.0.jar;C:\Users\user\.m2\repository\org\springframework\spring-context-support\6.1.1\spring-context-support-6.1.1.jar;C:\Users\user\.m2\repository\org\eclipse\angus\jakarta.mail\2.0.2\jakarta.mail-2.0.2.jar;C:\Users\user\.m2\repository\jakarta\activation\jakarta.activation-api\2.1.2\jakarta.activation-api-2.1.2.jar;C:\Users\user\.m2\repository\org\eclipse\angus\angus-activation\2.0.1\angus-activation-2.0.1.jar;C:\Users\user\.m2\repository\org\springframework\boot\spring-boot-starter-webflux\3.2.0\spring-boot-starter-webflux-3.2.0.jar;C:\Users\user\.m2\repository\org\springframework\boot\spring-boot-starter-reactor-netty\3.2.0\spring-boot-starter-reactor-netty-3.2.0.jar;C:\Users\user\.m2\repository\io\projectreactor\netty\reactor-netty-http\1.1.13\reactor-netty-http-1.1.13.jar;C:\Users\user\.m2\repository\io\netty\netty-codec-http\4.1.101.Final\netty-codec-http-4.1.101.Final.jar;C:\Users\user\.m2\repository\io\netty\netty-common\4.1.101.Final\netty-common-4.1.101.Final.jar;C:\Users\user\.m2\repository\io\netty\netty-buffer\4.1.101.Final\netty-buffer-4.1.101.Final.jar;C:\Users\user\.m2\repository\io\netty\netty-transport\4.1.101.Final\netty-transport-4.1.101.Final.jar;C:\Users\user\.m2\repository\io\netty\netty-codec\4.1.101.Final\netty-codec-4.1.101.Final.jar;C:\Users\user\.m2\repository\io\netty\netty-handler\4.1.101.Final\netty-handler-4.1.101.Final.jar;C:\Users\user\.m2\repository\io\netty\netty-codec-http2\4.1.101.Final\netty-codec-http2-4.1.101.Final.jar;C:\Users\user\.m2\repository\io\netty\netty-resolver-dns\4.1.101.Final\netty-resolver-dns-4.1.101.Final.jar;C:\Users\user\.m2\repository\io\netty\netty-resolver\4.1.101.Final\netty-resolver-4.1.101.Final.jar;C:\Users\user\.m2\repository\io\netty\netty-codec-dns\4.1.101.Final\netty-codec-dns-4.1.101.Final.jar;C:\Users\user\.m2\repository\io\netty\netty-resolver-dns-native-macos\4.1.101.Final\netty-resolver-dns-native-macos-4.1.101.Final-osx-x86_64.jar;C:\Users\user\.m2\repository\io\netty\netty-resolver-dns-classes-macos\4.1.101.Final\netty-resolver-dns-classes-macos-4.1.101.Final.jar;C:\Users\user\.m2\repository\io\netty\netty-transport-native-epoll\4.1.101.Final\netty-transport-native-epoll-4.1.101.Final-linux-x86_64.jar;C:\Users\user\.m2\repository\io\netty\netty-transport-native-unix-common\4.1.101.Final\netty-transport-native-unix-common-4.1.101.Final.jar;C:\Users\user\.m2\repository\io\netty\netty-transport-classes-epoll\4.1.101.Final\netty-transport-classes-epoll-4.1.101.Final.jar;C:\Users\user\.m2\repository\io\projectreactor\netty\reactor-netty-core\1.1.13\reactor-netty-core-1.1.13.jar;C:\Users\user\.m2\repository\io\netty\netty-handler-proxy\4.1.101.Final\netty-handler-proxy-4.1.101.Final.jar;C:\Users\user\.m2\repository\io\netty\netty-codec-socks\4.1.101.Final\netty-codec-socks-4.1.101.Final.jar;C:\Users\user\.m2\repository\org\springframework\spring-webflux\6.1.1\spring-webflux-6.1.1.jar;C:\Users\user\.m2\repository\io\projectreactor\reactor-core\3.6.0\reactor-core-3.6.0.jar;C:\Users\user\.m2\repository\org\reactivestreams\reactive-streams\1.0.4\reactive-streams-1.0.4.jar;C:\Users\user\.m2\repository\org\springframework\spring-core\6.1.1\spring-core-6.1.1.jar;C:\Users\user\.m2\repository\org\springframework\spring-jcl\6.1.1\spring-jcl-6.1.1.jar
Launcher Type: SUN_STANDARD

[Global flags]
     intx CICompilerCount                          = 3                                         {product} {ergonomic}
     uint ConcGCThreads                            = 1                                         {product} {ergonomic}
     uint G1ConcRefinementThreads                  = 4                                         {product} {ergonomic}
   size_t G1HeapRegionSize                         = 1048576                                   {product} {ergonomic}
    uintx GCDrainStackTargetSize                   = 64                                        {product} {ergonomic}
   size_t InitialHeapSize                          = 65011712                                  {product} {ergonomic}
   size_t MarkStackSize                            = 4194304                                   {product} {ergonomic}
   size_t MaxHeapSize                              = 1027604480                                {product} {ergonomic}
   size_t MaxNewSize                               = 616562688                                 {product} {ergonomic}
   size_t MinHeapDeltaBytes                        = 1048576                                   {product} {ergonomic}
   size_t MinHeapSize                              = 8388608                                   {product} {ergonomic}
    uintx NonNMethodCodeHeapSize                   = 5832780                                {pd product} {ergonomic}
    uintx NonProfiledCodeHeapSize                  = 122912730                              {pd product} {ergonomic}
    uintx ProfiledCodeHeapSize                     = 122912730                              {pd product} {ergonomic}
    uintx ReservedCodeCacheSize                    = 251658240                              {pd product} {ergonomic}
     bool SegmentedCodeCache                       = true                                      {product} {ergonomic}
     bool ShowCodeDetailsInExceptionMessages       = true                                   {manageable} {command line}
   size_t SoftMaxHeapSize                          = 1027604480                             {manageable} {ergonomic}
     bool UseCompressedOops                        = true                           {product lp64_product} {ergonomic}
     bool UseG1GC                                  = true                                      {product} {ergonomic}
     bool UseLargePagesIndividualAllocation        = false                                  {pd product} {ergonomic}

Logging:
Log output configuration:
 #0: stdout all=warning uptime,level,tags foldmultilines=false
 #1: stderr all=off uptime,level,tags foldmultilines=false

Release file:
JAVA_VERSION="21.0.10" 
MODULES="java.base java.compiler java.datatransfer java.xml java.prefs java.desktop java.instrument java.logging java.management java.security.sasl java.naming java.rmi java.management.rmi java.net.http java.scripting java.security.jgss java.transaction.xa java.sql java.sql.rowset java.xml.crypto java.se java.smartcardio jdk.accessibility jdk.internal.jvmstat jdk.attach jdk.charsets jdk.internal.opt jdk.zipfs jdk.compiler jdk.crypto.ec jdk.crypto.cryptoki jdk.crypto.mscapi jdk.dynalink jdk.internal.ed jdk.editpad jdk.hotspot.agent jdk.httpserver jdk.internal.le jdk.internal.vm.ci jdk.internal.vm.compiler jdk.internal.vm.compiler.management jdk.jartool jdk.javadoc jdk.jcmd jdk.management jdk.management.agent jdk.jconsole jdk.jdeps jdk.jdwp.agent jdk.jdi jdk.jfr jdk.jshell jdk.jsobject jdk.jstatd jdk.localedata jdk.management.jfr jdk.naming.dns jdk.naming.rmi jdk.net jdk.nio.mapmode jdk.random jdk.sctp jdk.security.auth jdk.security.jgss jdk.unsupported jdk.unsupported.desktop jdk.xml.dom" 

Environment Variables:
PATH=C:/Users/user/.p2/pool/plugins/org.eclipse.justj.openjdk.hotspot.jre.full.win32.x86_64_21.0.10.v20260205-0638/jre/bin/server;C:/Users/user/.p2/pool/plugins/org.eclipse.justj.openjdk.hotspot.jre.full.win32.x86_64_21.0.10.v20260205-0638/jre/bin;C:\Windows\system32;C:\Windows;C:\Windows\System32\Wbem;C:\Windows\System32\WindowsPowerShell\v1.0\;C:\Windows\System32\OpenSSH\;C:\Program Files\Intel\WiFi\bin\;C:\Program Files\Common Files\Intel\WirelessCommon\;C:\Program Files\MySQL\MySQL Server 8.0\bin;C:\Program Files\MySQL\MySQL Server 8.0\bin;C:\Users\user\AppData\Local\Microsoft\WindowsApps;C:\Users\user\AppData\Local\Programs\Microsoft VS Code\bin;C:\Users\user\eclipse\java-2026-033\eclipse;
USERNAME=user
OS=Windows_NT
PROCESSOR_IDENTIFIER=Intel64 Family 6 Model 122 Stepping 1, GenuineIntel
TMP=C:\Users\user\AppData\Local\Temp
TEMP=C:\Users\user\AppData\Local\Temp




Periodic native trim disabled

---------------  S Y S T E M  ---------------

OS:
 Windows 10 , 64 bit Build 19041 (10.0.19041.5915)
OS uptime: 5 days 2:12 hours

CPU: total 4 (initial active 4) (4 cores per cpu, 1 threads per core) family 6 model 122 stepping 1 microcode 0x32, cx8, cmov, fxsr, mmx, 3dnowpref, sse, sse2, sse3, ssse3, sse4.1, sse4.2, popcnt, tsc, tscinvbit, aes, erms, clmul, sha, clflush, clflushopt, rdtscp, rdpid
Processor Information for the first 4 processors :
  Max Mhz: 1101, Current Mhz: 1101, Mhz Limit: 1101

Memory: 4k page, system-wide physical 3919M (82M free)
TotalPageFile size 15695M (AvailPageFile size 0M)
current process WorkingSet (physical memory assigned to process): 104M, peak: 208M
current process commit charge ("private bytes"): 252M, peak: 252M

vm_info: OpenJDK 64-Bit Server VM (21.0.10+7-LTS) for windows-amd64 JRE (21.0.10+7-LTS), built on 2026-01-20T00:00:00Z by "admin" with MS VC++ 17.12 (VS2022)

END.
